[   96767ms] [INFO] %cDownload the React DevTools for a better development experience: https://react.dev/link/react-devtools font-weight:bold @ http://localhost:3000/_next/static/chunks/node_modules_next_dist_7a8122d0._.js:2287
[   96828ms] [LOG] [HMR] connected @ http://localhost:3000/_next/static/chunks/node_modules_next_dist_7a8122d0._.js:2287
[   96911ms] [ERROR] Failed to load resource: the server responded with a status of 401 (Unauthorized) @ http://localhost:3000/api/user/recipe-get-request:0
[   96913ms] [ERROR] {success: false, message: Unauthorized: User lacks credential} @ http://localhost:3000/_next/static/chunks/node_modules_next_dist_7a8122d0._.js:3117
[  127709ms] [LOG] [Fast Refresh] rebuilding @ http://localhost:3000/_next/static/chunks/node_modules_next_dist_7a8122d0._.js:2287
[  127832ms] [LOG] [Fast Refresh] done in 224ms @ http://localhost:3000/_next/static/chunks/node_modules_next_dist_7a8122d0._.js:2287
[  374007ms] [ERROR] WebSocket connection to 'ws://localhost:3000/_next/webpack-hmr?id=NMhvYZHp7AFDrWK3BQAPD' failed: Error in connection establishment: net::ERR_CONNECTION_REFUSED @ http://localhost:3000/_next/static/chunks/node_modules_next_dist_client_aaee43fe._.js:10117
[  375012ms] [ERROR] WebSocket connection to 'ws://localhost:3000/_next/webpack-hmr?id=NMhvYZHp7AFDrWK3BQAPD' failed: Error in connection establishment: net::ERR_CONNECTION_REFUSED @ http://localhost:3000/_next/static/chunks/node_modules_next_dist_client_aaee43fe._.js:10117
[  376019ms] [ERROR] WebSocket connection to 'ws://localhost:3000/_next/webpack-hmr?id=NMhvYZHp7AFDrWK3BQAPD' failed: Error in connection establishment: net::ERR_CONNECTION_REFUSED @ http://localhost:3000/_next/static/chunks/node_modules_next_dist_client_aaee43fe._.js:10117
[  377024ms] [ERROR] WebSocket connection to 'ws://localhost:3000/_next/webpack-hmr?id=NMhvYZHp7AFDrWK3BQAPD' failed: Error in connection establishment: net::ERR_CONNECTION_REFUSED @ http://localhost:3000/_next/static/chunks/node_modules_next_dist_client_aaee43fe._.js:10117
[  378030ms] [ERROR] WebSocket connection to 'ws://localhost:3000/_next/webpack-hmr?id=NMhvYZHp7AFDrWK3BQAPD' failed: Error in connection establishment: net::ERR_CONNECTION_REFUSED @ http://localhost:3000/_next/static/chunks/node_modules_next_dist_client_aaee43fe._.js:10117
[  383037ms] [ERROR] WebSocket connection to 'ws://localhost:3000/_next/webpack-hmr?id=NMhvYZHp7AFDrWK3BQAPD' failed: Error in connection establishment: net::ERR_CONNECTION_REFUSED @ http://localhost:3000/_next/static/chunks/node_modules_next_dist_client_aaee43fe._.js:10117
[  388048ms] [ERROR] WebSocket connection to 'ws://localhost:3000/_next/webpack-hmr?id=NMhvYZHp7AFDrWK3BQAPD' failed: Error in connection establishment: net::ERR_CONNECTION_REFUSED @ http://localhost:3000/_next/static/chunks/node_modules_next_dist_client_aaee43fe._.js:10117
[  393069ms] [ERROR] WebSocket connection to 'ws://localhost:3000/_next/webpack-hmr?id=NMhvYZHp7AFDrWK3BQAPD' failed: Error in connection establishment: net::ERR_CONNECTION_REFUSED @ http://localhost:3000/_next/static/chunks/node_modules_next_dist_client_aaee43fe._.js:10117
[  398104ms] [ERROR] WebSocket connection to 'ws://localhost:3000/_next/webpack-hmr?id=NMhvYZHp7AFDrWK3BQAPD' failed: Error in connection establishment: net::ERR_CONNECTION_REFUSED @ http://localhost:3000/_next/static/chunks/node_modules_next_dist_client_aaee43fe._.js:10117
[  403184ms] [ERROR] WebSocket connection to 'ws://localhost:3000/_next/webpack-hmr?id=NMhvYZHp7AFDrWK3BQAPD' failed: Error in connection establishment: net::ERR_CONNECTION_REFUSED @ http://localhost:3000/_next/static/chunks/node_modules_next_dist_client_aaee43fe._.js:10117
[  408284ms] [ERROR] WebSocket connection to 'ws://localhost:3000/_next/webpack-hmr?id=NMhvYZHp7AFDrWK3BQAPD' failed: Error in connection establishment: net::ERR_CONNECTION_REFUSED @ http://localhost:3000/_next/static/chunks/node_modules_next_dist_client_aaee43fe._.js:10117
[  413359ms] [ERROR] WebSocket connection to 'ws://localhost:3000/_next/webpack-hmr?id=NMhvYZHp7AFDrWK3BQAPD' failed: Error in connection establishment: net::ERR_CONNECTION_REFUSED @ http://localhost:3000/_next/static/chunks/node_modules_next_dist_client_aaee43fe._.js:10117
[  450087ms] [INFO] %cDownload the React DevTools for a better development experience: https://react.dev/link/react-devtools font-weight:bold @ http://localhost:3000/_next/static/chunks/node_modules_next_dist_7a8122d0._.js:2287
[  450146ms] [LOG] [HMR] connected @ http://localhost:3000/_next/static/chunks/node_modules_next_dist_7a8122d0._.js:2287
[  450219ms] [ERROR] Failed to load resource: the server responded with a status of 401 (Unauthorized) @ http://localhost:3000/api/user/recipe-get-request:0
[  450220ms] [ERROR] {success: false, message: Unauthorized: User lacks credential} @ http://localhost:3000/_next/static/chunks/node_modules_next_dist_7a8122d0._.js:3117
[  451004ms] [LOG] [Fast Refresh] rebuilding @ http://localhost:3000/_next/static/chunks/node_modules_next_dist_7a8122d0._.js:2287
[  451272ms] [LOG] [Fast Refresh] done in 370ms @ http://localhost:3000/_next/static/chunks/node_modules_next_dist_7a8122d0._.js:2287
[  456698ms] [LOG] [Fast Refresh] rebuilding @ http://localhost:3000/_next/static/chunks/node_modules_next_dist_7a8122d0._.js:2287
[  456803ms] [LOG] [Fast Refresh] done in 206ms @ http://localhost:3000/_next/static/chunks/node_modules_next_dist_7a8122d0._.js:2287
[  480983ms] [LOG] [Fast Refresh] rebuilding @ http://localhost:3000/_next/static/chunks/node_modules_next_dist_7a8122d0._.js:2287
[  481117ms] [LOG] [Fast Refresh] done in 236ms @ http://localhost:3000/_next/static/chunks/node_modules_next_dist_7a8122d0._.js:2287
[ 1420103ms] [LOG] [HMR] connected @ http://localhost:3000/_next/static/chunks/node_modules_next_dist_7a8122d0._.js:2287
[ 7766174ms] [LOG] [HMR] connected @ http://localhost:3000/_next/static/chunks/node_modules_next_dist_7a8122d0._.js:2287
[ 8700146ms] [LOG] [HMR] connected @ http://localhost:3000/_next/static/chunks/node_modules_next_dist_7a8122d0._.js:2287
[10086865ms] [LOG] [HMR] connected @ http://localhost:3000/_next/static/chunks/node_modules_next_dist_7a8122d0._.js:2287
[10466518ms] [LOG] [HMR] connected @ http://localhost:3000/_next/static/chunks/node_modules_next_dist_7a8122d0._.js:2287
[13894605ms] [ERROR] WebSocket connection to 'ws://localhost:3000/_next/webpack-hmr?id=75XEV9z8XcBa5FoIbLSH4' failed: Error in connection establishment: net::ERR_CONNECTION_REFUSED @ http://localhost:3000/_next/static/chunks/node_modules_next_dist_client_aaee43fe._.js:10117
[13895611ms] [ERROR] WebSocket connection to 'ws://localhost:3000/_next/webpack-hmr?id=75XEV9z8XcBa5FoIbLSH4' failed: Error in connection establishment: net::ERR_CONNECTION_REFUSED @ http://localhost:3000/_next/static/chunks/node_modules_next_dist_client_aaee43fe._.js:10117
[13896617ms] [ERROR] WebSocket connection to 'ws://localhost:3000/_next/webpack-hmr?id=75XEV9z8XcBa5FoIbLSH4' failed: Error in connection establishment: net::ERR_CONNECTION_REFUSED @ http://localhost:3000/_next/static/chunks/node_modules_next_dist_client_aaee43fe._.js:10117
[13897622ms] [ERROR] WebSocket connection to 'ws://localhost:3000/_next/webpack-hmr?id=75XEV9z8XcBa5FoIbLSH4' failed: Error in connection establishment: net::ERR_CONNECTION_REFUSED @ http://localhost:3000/_next/static/chunks/node_modules_next_dist_client_aaee43fe._.js:10117
[13898901ms] [LOG] [HMR] connected @ http://localhost:3000/_next/static/chunks/node_modules_next_dist_7a8122d0._.js:2287
[13900760ms] [INFO] %cDownload the React DevTools for a better development experience: https://react.dev/link/react-devtools font-weight:bold @ http://localhost:3000/_next/static/chunks/node_modules_next_dist_7a8122d0._.js:2287
[13900774ms] [LOG] [HMR] connected @ http://localhost:3000/_next/static/chunks/node_modules_next_dist_7a8122d0._.js:2287
[13902395ms] [ERROR] Failed to load resource: the server responded with a status of 401 (Unauthorized) @ http://localhost:3000/api/user/recipe-get-request:0
[13902396ms] [ERROR] {success: false, message: Unauthorized: User lacks credential} @ http://localhost:3000/_next/static/chunks/node_modules_next_dist_7a8122d0._.js:3117
[13914520ms] [LOG] [Fast Refresh] rebuilding @ http://localhost:3000/_next/static/chunks/node_modules_next_dist_7a8122d0._.js:2287
[13914726ms] [LOG] [Fast Refresh] done in 308ms @ http://localhost:3000/_next/static/chunks/node_modules_next_dist_7a8122d0._.js:2287
[13915668ms] [LOG] [Fast Refresh] rebuilding @ http://localhost:3000/_next/static/chunks/node_modules_next_dist_7a8122d0._.js:2287
[13916611ms] [LOG] [Fast Refresh] done in 1043ms @ http://localhost:3000/_next/static/chunks/node_modules_next_dist_7a8122d0._.js:2287
[22944134ms] [LOG] [HMR] connected @ http://localhost:3000/_next/static/chunks/node_modules_next_dist_7a8122d0._.js:2287
[29022550ms] [ERROR] WebSocket connection to 'ws://localhost:3000/_next/webpack-hmr?id=ycJ8od3kevewrI8qXoQEu' failed: Error in connection establishment: net::ERR_CONNECTION_REFUSED @ http://localhost:3000/_next/static/chunks/node_modules_next_dist_client_aaee43fe._.js:10117
[29023557ms] [ERROR] WebSocket connection to 'ws://localhost:3000/_next/webpack-hmr?id=ycJ8od3kevewrI8qXoQEu' failed: Error in connection establishment: net::ERR_CONNECTION_REFUSED @ http://localhost:3000/_next/static/chunks/node_modules_next_dist_client_aaee43fe._.js:10117
[29024563ms] [ERROR] WebSocket connection to 'ws://localhost:3000/_next/webpack-hmr?id=ycJ8od3kevewrI8qXoQEu' failed: Error in connection establishment: net::ERR_CONNECTION_REFUSED @ http://localhost:3000/_next/static/chunks/node_modules_next_dist_client_aaee43fe._.js:10117
[29025569ms] [ERROR] WebSocket connection to 'ws://localhost:3000/_next/webpack-hmr?id=ycJ8od3kevewrI8qXoQEu' failed: Error in connection establishment: net::ERR_CONNECTION_REFUSED @ http://localhost:3000/_next/static/chunks/node_modules_next_dist_client_aaee43fe._.js:10117
[29026575ms] [ERROR] WebSocket connection to 'ws://localhost:3000/_next/webpack-hmr?id=ycJ8od3kevewrI8qXoQEu' failed: Error in connection establishment: net::ERR_CONNECTION_REFUSED @ http://localhost:3000/_next/static/chunks/node_modules_next_dist_client_aaee43fe._.js:10117
[29031586ms] [ERROR] WebSocket connection to 'ws://localhost:3000/_next/webpack-hmr?id=ycJ8od3kevewrI8qXoQEu' failed: Error in connection establishment: net::ERR_CONNECTION_REFUSED @ http://localhost:3000/_next/static/chunks/node_modules_next_dist_client_aaee43fe._.js:10117
[29036593ms] [ERROR] WebSocket connection to 'ws://localhost:3000/_next/webpack-hmr?id=ycJ8od3kevewrI8qXoQEu' failed: Error in connection establishment: net::ERR_CONNECTION_REFUSED @ http://localhost:3000/_next/static/chunks/node_modules_next_dist_client_aaee43fe._.js:10117
[29041612ms] [ERROR] WebSocket connection to 'ws://localhost:3000/_next/webpack-hmr?id=ycJ8od3kevewrI8qXoQEu' failed: Error in connection establishment: net::ERR_CONNECTION_REFUSED @ http://localhost:3000/_next/static/chunks/node_modules_next_dist_client_aaee43fe._.js:10117
[29046659ms] [ERROR] WebSocket connection to 'ws://localhost:3000/_next/webpack-hmr?id=ycJ8od3kevewrI8qXoQEu' failed: Error in connection establishment: net::ERR_CONNECTION_REFUSED @ http://localhost:3000/_next/static/chunks/node_modules_next_dist_client_aaee43fe._.js:10117
[29051693ms] [ERROR] WebSocket connection to 'ws://localhost:3000/_next/webpack-hmr?id=ycJ8od3kevewrI8qXoQEu' failed: Error in connection establishment: net::ERR_CONNECTION_REFUSED @ http://localhost:3000/_next/static/chunks/node_modules_next_dist_client_aaee43fe._.js:10117
[29056849ms] [ERROR] WebSocket connection to 'ws://localhost:3000/_next/webpack-hmr?id=ycJ8od3kevewrI8qXoQEu' failed: Error in connection establishment: net::ERR_CONNECTION_REFUSED @ http://localhost:3000/_next/static/chunks/node_modules_next_dist_client_aaee43fe._.js:10117
[29062055ms] [ERROR] WebSocket connection to 'ws://localhost:3000/_next/webpack-hmr?id=ycJ8od3kevewrI8qXoQEu' failed: Error in connection establishment: net::ERR_CONNECTION_REFUSED @ http://localhost:3000/_next/static/chunks/node_modules_next_dist_client_aaee43fe._.js:10117
